Globals
Labels
Macros
?
Functions
Variables
Music:Init
Music:MusicSlide
Music:MusicChange
Music:_GetSyncInfo
SE:Init
EffectManager:NewES
EffectManager:Init
SpriteItemManager:NewSprite
SpriteItemManager:Init
Table:_GetCell
Table:GetTableFileData
Texture:Init
Music:new
Music:_Init
Music:Release
SE:new
SE:_Init
SE:Release
EffectManager:new
EffectManager:_Init
EffectManager:Release
SpriteItemManager:new
SpriteItemManager:_Init
SpriteItemManager:Release
Texture:new
Texture:_Init
Texture:Release
Process:ProcessStart
Process:Render
Process:RenderInitState
Process:_IniFileRebuild
Process:ProcessPreInitial
Process:ProcessInit
Process:GetInput
Process:SnapShot
Process:Frame
Process:ProcessTitle
Export:ClientSet2DMode
Export:GetPassword
Export:ClientSetMatrix
Table:new
Export:new
Process:new
Process:_Init
Process:Release
boom
hgeFrameFunc
hgeRenderFunc
hgeFocusLostFunc
hgeFocusGainFunc
hgeGfxRestoreFunc
hgeExitFunc
luaDoFiles
SystemInitial
